// Jest Snapshot v1, https://goo.gl/fbAQLP

exports[`Forecast has a prop search as expected by default 1`] = `
<div
  className="center"
>
  <h2 />
  <ListDay
    days={
      Array [
        "",
      ]
    }
  />
</div>
`;

exports[`Forecast should render as expected 1`] = `
<div
  className="center"
>
  <h2 />
  <ListDay
    days={
      Array [
        "",
      ]
    }
  />
</div>
`;
